https://haighr.com/
HTTP/1.1 200 OK
    <meta charset="utf-8">
    <meta http-equiv="X-UA-Compatible" content="IE=edge">
    <meta name="viewport" content="width=device-width, initial-scale=1">
    <title>Columbia University Association for Computing Machinery</title>
    <link href="css/reset.css" rel="stylesheet">
    <link href="css/bootstrap.min.css" rel="stylesheet">
    <link href="css/custom.css" rel="stylesheet">
    <!-- HTML5 shim and Respond.js for IE8 support of HTML5 elements and media queries -->
    <!--[if lt IE 9]>
    <script src="https://oss.maxcdn.com/html5shiv/3.7.2/html5shiv.min.js"></script>
    <script src="https://oss.maxcdn.com/respond/1.4.2/respond.min.js"></script>
    <![endif]-->
